[host-test] bundle: build-asan/SubLab808_artefacts/RelWithDebInfo/VST3/SubLab808.vst3 (exists: 1)
[host-test] scanning bundle
[host-test] found: SubLab808
[host-test] instantiating plugin
[host-test] rendering audio
=================================================================
==17321==ERROR: AddressSanitizer: heap-buffer-overflow on address 0x621000008940 at pc 0x000102ff73fc bp 0x00016fa09be0 sp 0x00016fa093a0
WRITE of size 8192 at 0x621000008940 thread T0
    #0 0x000102ff73f8 in __bzero+0x24c (libclang_rt.asan_osx_dynamic.dylib:arm64e+0x3f3f8)
    #1 0x00010c9300e0 in juce::FloatVectorOperationsBase<float, int>::clear(float*, int) juce_FloatVectorOperations.cpp:1191
    #2 0x00010bbf96d0 in juce::AudioBuffer<float>::clear() juce_AudioSampleBuffer.h:595
    #3 0x00010bc37954 in SubLab808Processor::processBlock(juce::AudioBuffer<float>&, juce::MidiBuffer&) PluginProcessor.cpp:205
    #4 0x00010bbf7694 in void juce::JuceVST3Component::processAudio<float>(Steinberg::Vst::ProcessData&) juce_audio_plugin_client_VST3.cpp
    #5 0x00010bbd3cdc in juce::JuceVST3Component::process(Steinberg::Vst::ProcessData&) juce_audio_plugin_client_VST3.cpp:3607
    #6 0x0001004cf9d4 in void juce::VST3PluginInstanceHeadless::processAudio<float>(juce::AudioBuffer<float>&, juce::MidiBuffer&, Steinberg::Vst::SymbolicSampleSizes, bool) juce_VST3PluginFormatImpl.h:2487
    #7 0x0001004aeae0 in juce::VST3PluginInstanceHeadless::processBlock(juce::AudioBuffer<float>&, juce::MidiBuffer&) juce_VST3PluginFormatImpl.h:2402
    #8 0x0001003fcdd4 in runHostTest(int, char**) HostTest.cpp:57
    #9 0x0001003fc51c in main HostTest.cpp:21
    #10 0x000188d77dfc in start+0x1b4c (dyld:arm64e+0x1fdfc)

0x621000008940 is located 0 bytes after 4160-byte region [0x621000007900,0x621000008940)
allocated by thread T0 here:
    #0 0x000102ff9164 in malloc+0x78 (libclang_rt.asan_osx_dynamic.dylib:arm64e+0x41164)
    #1 0x00010bbe8f74 in void juce::HeapBlock<char, true>::allocate<unsigned long>(unsigned long, bool) juce_HeapBlock.h:288
    #2 0x00010bbe8974 in juce::AudioBuffer<float>::setSize(int, int, bool, bool, bool) juce_AudioSampleBuffer.h:442
    #3 0x00010bbe2f74 in juce::ClientBufferMapper::prepare(int) juce_VST3Common.h:824
    #4 0x00010bbd3430 in juce::JuceVST3Component::setupProcessing(Steinberg::Vst::ProcessSetup&) juce_audio_plugin_client_VST3.cpp:3465
    #5 0x0001004adb64 in juce::VST3PluginInstanceHeadless::prepareToPlay(double, int) juce_VST3PluginFormatImpl.h:2323
    #6 0x0001003fccf8 in runHostTest(int, char**) HostTest.cpp:53
    #7 0x0001003fc51c in main HostTest.cpp:21
    #8 0x000188d77dfc in start+0x1b4c (dyld:arm64e+0x1fdfc)

SUMMARY: AddressSanitizer: heap-buffer-overflow juce_FloatVectorOperations.cpp:1191 in juce::FloatVectorOperationsBase<float, int>::clear(float*, int)
Shadow bytes around the buggy address:
  0x621000008680: 00 00 00 00 00 00 00 00 00 00 00 00 00 00 00 00
  0x621000008700: 00 00 00 00 00 00 00 00 00 00 00 00 00 00 00 00
  0x621000008780: 00 00 00 00 00 00 00 00 00 00 00 00 00 00 00 00
  0x621000008800: 00 00 00 00 00 00 00 00 00 00 00 00 00 00 00 00
  0x621000008880: 00 00 00 00 00 00 00 00 00 00 00 00 00 00 00 00
=>0x621000008900: 00 00 00 00 00 00 00 00[fa]fa fa fa fa fa fa fa
  0x621000008980: fa fa fa fa fa fa fa fa fa fa fa fa fa fa fa fa
  0x621000008a00: fa fa fa fa fa fa fa fa fa fa fa fa fa fa fa fa
  0x621000008a80: fa fa fa fa fa fa fa fa fa fa fa fa fa fa fa fa
  0x621000008b00: fa fa fa fa fa fa fa fa fa fa fa fa fa fa fa fa
  0x621000008b80: fa fa fa fa fa fa fa fa fa fa fa fa fa fa fa fa
Shadow byte legend (one shadow byte represents 8 application bytes):
  Addressable:           00
  Partially addressable: 01 02 03 04 05 06 07 
  Heap left redzone:       fa
  Freed heap region:       fd
  Stack left redzone:      f1
  Stack mid redzone:       f2
  Stack right redzone:     f3
  Stack after return:      f5
  Stack use after scope:   f8
  Global redzone:          f9
  Global init order:       f6
  Poisoned by user:        f7
  Container overflow:      fc
  Array cookie:            ac
  Intra object redzone:    bb
  ASan internal:           fe
  Left alloca redzone:     ca
  Right alloca redzone:    cb
==17321==ABORTING
[host-test] aborted during: rendering audio
