[  3%] Generating SubLab808Tests_artefacts/JuceLibraryCode/JuceHeader.h
[  7%] Building CXX object CMakeFiles/SubLab808Tests.dir/_deps/juce-src/modules/juce_audio_utils/juce_audio_utils.mm.o
[ 11%] Building CXX object CMakeFiles/SubLab808Tests.dir/Source/PluginProcessor.cpp.o
[ 14%] Building CXX object CMakeFiles/SubLab808Tests.dir/Tests/SmokeTest.cpp.o
[ 25%] Building CXX object CMakeFiles/SubLab808Tests.dir/_deps/juce-src/modules/juce_audio_processors/juce_audio_processors.mm.o
[ 29%] Building CXX object CMakeFiles/SubLab808Tests.dir/Source/PluginEditor.cpp.o
[ 22%] Building CXX object CMakeFiles/SubLab808Tests.dir/_deps/juce-src/modules/juce_gui_extra/juce_gui_extra.mm.o
[ 29%] Building CXX object CMakeFiles/SubLab808Tests.dir/_deps/juce-src/modules/juce_gui_basics/juce_gui_basics_3.cpp.o
[ 33%] Building CXX object CMakeFiles/SubLab808Tests.dir/_deps/juce-src/modules/juce_gui_basics/juce_gui_basics_2.cpp.o
[ 37%] Building CXX object CMakeFiles/SubLab808Tests.dir/_deps/juce-src/modules/juce_gui_basics/juce_gui_basics_4.cpp.o
[ 40%] Building CXX object CMakeFiles/SubLab808Tests.dir/_deps/juce-src/modules/juce_gui_basics/juce_gui_basics_5.cpp.o
[ 44%] Building CXX object CMakeFiles/SubLab808Tests.dir/_deps/juce-src/modules/juce_gui_basics/juce_gui_basics.mm.o
[ 48%] Building CXX object CMakeFiles/SubLab808Tests.dir/_deps/juce-src/modules/juce_graphics/juce_graphics_Harfbuzz.cpp.o
[ 51%] Building C object CMakeFiles/SubLab808Tests.dir/_deps/juce-src/modules/juce_graphics/juce_graphics_Sheenbidi.c.o
[ 55%] Building CXX object CMakeFiles/SubLab808Tests.dir/_deps/juce-src/modules/juce_graphics/juce_graphics.mm.o
[ 59%] Building CXX object CMakeFiles/SubLab808Tests.dir/_deps/juce-src/modules/juce_events/juce_events.mm.o
[ 62%] Building CXX object CMakeFiles/SubLab808Tests.dir/_deps/juce-src/modules/juce_core/juce_core_CompilationTime.cpp.o
[ 66%] Building CXX object CMakeFiles/SubLab808Tests.dir/_deps/juce-src/modules/juce_core/juce_core.mm.o
[ 70%] Building CXX object CMakeFiles/SubLab808Tests.dir/_deps/juce-src/modules/juce_data_structures/juce_data_structures.mm.o
[ 74%] Building CXX object CMakeFiles/SubLab808Tests.dir/_deps/juce-src/modules/juce_audio_processors_headless/juce_audio_processors_headless_ara.cpp.o
[ 77%] Building CXX object CMakeFiles/SubLab808Tests.dir/_deps/juce-src/modules/juce_audio_processors_headless/juce_audio_processors_headless_lv2_libs.cpp.o
[ 81%] Building CXX object CMakeFiles/SubLab808Tests.dir/_deps/juce-src/modules/juce_audio_processors_headless/juce_audio_processors_headless.mm.o
[ 85%] Building CXX object CMakeFiles/SubLab808Tests.dir/_deps/juce-src/modules/juce_audio_basics/juce_audio_basics.mm.o
[ 88%] Building CXX object CMakeFiles/SubLab808Tests.dir/_deps/juce-src/modules/juce_audio_formats/juce_audio_formats.mm.o
[ 92%] Building CXX object CMakeFiles/SubLab808Tests.dir/_deps/juce-src/modules/juce_audio_devices/juce_audio_devices.mm.o
[ 96%] Building CXX object CMakeFiles/SubLab808Tests.dir/_deps/juce-src/modules/juce_dsp/juce_dsp.mm.o
[100%] Linking CXX executable SubLab808Tests_artefacts/RelWithDebInfo/SubLab808Tests
[100%] Built target SubLab808Tests
[  2%] Generating SubLab808_artefacts/JuceLibraryCode/JuceHeader.h
[  5%] Building VST3 manifest helper for SubLab808
-- The CXX compiler identification is AppleClang 21.0.0.21000101
[  7%] Building CXX object CMakeFiles/SubLab808.dir/_deps/juce-src/modules/juce_gui_extra/juce_gui_extra.mm.o
[ 17%] Building CXX object CMakeFiles/SubLab808.dir/_deps/juce-src/modules/juce_audio_processors/juce_audio_processors.mm.o
[ 17%] Building CXX object CMakeFiles/SubLab808.dir/Source/PluginEditor.cpp.o
[ 17%] Building CXX object CMakeFiles/SubLab808.dir/_deps/juce-src/modules/juce_gui_basics/juce_gui_basics_4.cpp.o
[ 17%] Building CXX object CMakeFiles/SubLab808.dir/_deps/juce-src/modules/juce_gui_basics/juce_gui_basics_2.cpp.o
[ 20%] Building CXX object CMakeFiles/SubLab808.dir/Source/PluginProcessor.cpp.o
[ 22%] Building CXX object CMakeFiles/SubLab808.dir/_deps/juce-src/modules/juce_gui_basics/juce_gui_basics_3.cpp.o
-- Detecting CXX compiler ABI info
-- Detecting CXX compiler ABI info - done
-- Check for working CXX compiler: /Library/Developer/CommandLineTools/usr/bin/c++ - skipped
-- Detecting CXX compile features
-- Detecting CXX compile features - done
-- Configuring done (0.4s)
-- Generating done (0.0s)
-- Build files have been written to: /Users/whykiki/workspace/SubLab808/build-asan/vst3_helpers/SubLab808
make[4]: warning: jobserver unavailable: using -j1.  Add `+' to parent make rule.
[ 50%] Building CXX object CMakeFiles/vst3_helper.dir/Users/whykiki/workspace/SubLab808/build-asan/_deps/juce-src/modules/juce_audio_plugin_client/VST3/juce_VST3ManifestHelper.cpp.o
[100%] Linking CXX executable vst3_helper
[100%] Built target vst3_helper
[ 22%] Built target SubLab808_vst3_helper
[ 25%] Building CXX object CMakeFiles/SubLab808.dir/_deps/juce-src/modules/juce_gui_basics/juce_gui_basics_5.cpp.o
[ 27%] Building CXX object CMakeFiles/SubLab808.dir/_deps/juce-src/modules/juce_gui_basics/juce_gui_basics.mm.o
[ 30%] Building CXX object CMakeFiles/SubLab808.dir/_deps/juce-src/modules/juce_graphics/juce_graphics_Harfbuzz.cpp.o
[ 32%] Building C object CMakeFiles/SubLab808.dir/_deps/juce-src/modules/juce_graphics/juce_graphics_Sheenbidi.c.o
[ 35%] Building CXX object CMakeFiles/SubLab808.dir/_deps/juce-src/modules/juce_graphics/juce_graphics.mm.o
[ 37%] Building CXX object CMakeFiles/SubLab808.dir/_deps/juce-src/modules/juce_events/juce_events.mm.o
[ 40%] Building CXX object CMakeFiles/SubLab808.dir/_deps/juce-src/modules/juce_core/juce_core_CompilationTime.cpp.o
[ 42%] Building CXX object CMakeFiles/SubLab808.dir/_deps/juce-src/modules/juce_core/juce_core.mm.o
[ 45%] Building CXX object CMakeFiles/SubLab808.dir/_deps/juce-src/modules/juce_data_structures/juce_data_structures.mm.o
[ 47%] Building CXX object CMakeFiles/SubLab808.dir/_deps/juce-src/modules/juce_audio_processors_headless/juce_audio_processors_headless_ara.cpp.o
[ 50%] Building CXX object CMakeFiles/SubLab808.dir/_deps/juce-src/modules/juce_audio_processors_headless/juce_audio_processors_headless_lv2_libs.cpp.o
[ 52%] Building CXX object CMakeFiles/SubLab808.dir/_deps/juce-src/modules/juce_audio_processors_headless/juce_audio_processors_headless.mm.o
[ 55%] Building CXX object CMakeFiles/SubLab808.dir/_deps/juce-src/modules/juce_audio_basics/juce_audio_basics.mm.o
[ 57%] Building CXX object CMakeFiles/SubLab808.dir/_deps/juce-src/modules/juce_audio_utils/juce_audio_utils.mm.o
[ 60%] Building CXX object CMakeFiles/SubLab808.dir/_deps/juce-src/modules/juce_audio_formats/juce_audio_formats.mm.o
[ 62%] Building CXX object CMakeFiles/SubLab808.dir/_deps/juce-src/modules/juce_audio_devices/juce_audio_devices.mm.o
[ 65%] Building CXX object CMakeFiles/SubLab808.dir/_deps/juce-src/modules/juce_dsp/juce_dsp.mm.o
[ 67%] Linking CXX static library SubLab808_artefacts/RelWithDebInfo/libSubLab808_SharedCode.a
[ 67%] Built target SubLab808
[ 70%] Generating SubLab808_artefacts/JuceLibraryCode/SubLab808_VST3/PkgInfo
[ 80%] Building CXX object CMakeFiles/SubLab808_VST3.dir/_deps/juce-src/modules/juce_audio_plugin_client/juce_audio_plugin_client_AAX_utils.cpp.o
[ 80%] Building CXX object CMakeFiles/SubLab808_VST3.dir/_deps/juce-src/modules/juce_audio_plugin_client/juce_audio_plugin_client_AU_2.mm.o
[ 80%] Building CXX object CMakeFiles/SubLab808_VST3.dir/_deps/juce-src/modules/juce_audio_plugin_client/juce_audio_plugin_client_AAX.mm.o
[ 80%] Building CXX object CMakeFiles/SubLab808_VST3.dir/_deps/juce-src/modules/juce_audio_plugin_client/juce_audio_plugin_client_AU_1.mm.o
[ 82%] Building CXX object CMakeFiles/SubLab808_VST3.dir/_deps/juce-src/modules/juce_audio_plugin_client/juce_audio_plugin_client_ARA.cpp.o
[ 85%] Building CXX object CMakeFiles/SubLab808_VST3.dir/_deps/juce-src/modules/juce_audio_plugin_client/juce_audio_plugin_client_Unity.cpp.o
[ 90%] Building CXX object CMakeFiles/SubLab808_VST3.dir/_deps/juce-src/modules/juce_audio_plugin_client/juce_audio_plugin_client_AUv3.mm.o
[ 90%] Building CXX object CMakeFiles/SubLab808_VST3.dir/_deps/juce-src/modules/juce_audio_plugin_client/juce_audio_plugin_client_Standalone.cpp.o
[ 92%] Building CXX object CMakeFiles/SubLab808_VST3.dir/_deps/juce-src/modules/juce_audio_plugin_client/juce_audio_plugin_client_LV2.mm.o
[ 95%] Building CXX object CMakeFiles/SubLab808_VST3.dir/_deps/juce-src/modules/juce_audio_plugin_client/juce_audio_plugin_client_VST3.mm.o
[ 97%] Building CXX object CMakeFiles/SubLab808_VST3.dir/_deps/juce-src/modules/juce_audio_plugin_client/juce_audio_plugin_client_VST2.mm.o
[100%] Linking CXX CFBundle shared module SubLab808_artefacts/RelWithDebInfo/VST3/SubLab808.vst3/Contents/MacOS/SubLab808
/Users/whykiki/workspace/SubLab808/build-asan/SubLab808_artefacts/RelWithDebInfo/VST3/SubLab808.vst3: code has no resources but signature indicates they must be present
-- Replacing invalid signature with ad-hoc signature
/Users/whykiki/workspace/SubLab808/build-asan/SubLab808_artefacts/RelWithDebInfo/VST3/SubLab808.vst3: replacing existing signature
removing moduleinfo.json
creating /Users/whykiki/workspace/SubLab808/build-asan/SubLab808_artefacts/RelWithDebInfo/VST3/SubLab808.vst3/Contents/Resources/moduleinfo.json
[100%] Built target SubLab808_VST3
[  1%] Building VST3 manifest helper for SubLab808
-- Configuring done (0.0s)
-- Generating done (0.0s)
-- Build files have been written to: /Users/whykiki/workspace/SubLab808/build-asan/vst3_helpers/SubLab808
make[4]: warning: jobserver unavailable: using -j1.  Add `+' to parent make rule.
[100%] Built target vst3_helper
[  1%] Built target SubLab808_vst3_helper
[ 42%] Built target SubLab808
[ 62%] Built target SubLab808_VST3
[ 64%] Generating SubLab808HostTests_artefacts/JuceLibraryCode/JuceHeader.h
[ 65%] Building CXX object CMakeFiles/SubLab808HostTests.dir/_deps/juce-src/modules/juce_audio_processors/juce_audio_processors.mm.o
[ 68%] Building CXX object CMakeFiles/SubLab808HostTests.dir/_deps/juce-src/modules/juce_audio_utils/juce_audio_utils.mm.o
[ 70%] Building CXX object CMakeFiles/SubLab808HostTests.dir/Tests/HostTest.cpp.o
[ 68%] Building CXX object CMakeFiles/SubLab808HostTests.dir/_deps/juce-src/modules/juce_gui_basics/juce_gui_basics_3.cpp.o
[ 71%] Building CXX object CMakeFiles/SubLab808HostTests.dir/_deps/juce-src/modules/juce_gui_basics/juce_gui_basics_4.cpp.o
[ 73%] Building CXX object CMakeFiles/SubLab808HostTests.dir/_deps/juce-src/modules/juce_gui_basics/juce_gui_basics_5.cpp.o
[ 76%] Building CXX object CMakeFiles/SubLab808HostTests.dir/_deps/juce-src/modules/juce_gui_extra/juce_gui_extra.mm.o
[ 76%] Building CXX object CMakeFiles/SubLab808HostTests.dir/_deps/juce-src/modules/juce_gui_basics/juce_gui_basics_2.cpp.o
[ 78%] Building CXX object CMakeFiles/SubLab808HostTests.dir/_deps/juce-src/modules/juce_gui_basics/juce_gui_basics.mm.o
[ 79%] Building CXX object CMakeFiles/SubLab808HostTests.dir/_deps/juce-src/modules/juce_graphics/juce_graphics_Harfbuzz.cpp.o
[ 81%] Building C object CMakeFiles/SubLab808HostTests.dir/_deps/juce-src/modules/juce_graphics/juce_graphics_Sheenbidi.c.o
[ 82%] Building CXX object CMakeFiles/SubLab808HostTests.dir/_deps/juce-src/modules/juce_graphics/juce_graphics.mm.o
[ 84%] Building CXX object CMakeFiles/SubLab808HostTests.dir/_deps/juce-src/modules/juce_events/juce_events.mm.o
[ 85%] Building CXX object CMakeFiles/SubLab808HostTests.dir/_deps/juce-src/modules/juce_core/juce_core_CompilationTime.cpp.o
[ 87%] Building CXX object CMakeFiles/SubLab808HostTests.dir/_deps/juce-src/modules/juce_core/juce_core.mm.o
[ 89%] Building CXX object CMakeFiles/SubLab808HostTests.dir/_deps/juce-src/modules/juce_data_structures/juce_data_structures.mm.o
[ 90%] Building CXX object CMakeFiles/SubLab808HostTests.dir/_deps/juce-src/modules/juce_audio_processors_headless/juce_audio_processors_headless_ara.cpp.o
[ 92%] Building CXX object CMakeFiles/SubLab808HostTests.dir/_deps/juce-src/modules/juce_audio_processors_headless/juce_audio_processors_headless_lv2_libs.cpp.o
[ 93%] Building CXX object CMakeFiles/SubLab808HostTests.dir/_deps/juce-src/modules/juce_audio_processors_headless/juce_audio_processors_headless.mm.o
[ 95%] Building CXX object CMakeFiles/SubLab808HostTests.dir/_deps/juce-src/modules/juce_audio_basics/juce_audio_basics.mm.o
[ 96%] Building CXX object CMakeFiles/SubLab808HostTests.dir/_deps/juce-src/modules/juce_audio_formats/juce_audio_formats.mm.o
[ 98%] Building CXX object CMakeFiles/SubLab808HostTests.dir/_deps/juce-src/modules/juce_audio_devices/juce_audio_devices.mm.o
[100%] Linking CXX executable SubLab808HostTests_artefacts/RelWithDebInfo/SubLab808HostTests
[100%] Built target SubLab808HostTests
BUILD EXIT 0
